###############################################################################
#
# IAR ELF Linker V9.20.2.320/W64 for ARM                  30/May/2022  15:39:28
# Copyright 2007-2021 IAR Systems AB.
#
#    Output file  =
#        E:\Github\Projects\Embedded_systems\Tiva_TM4C123GH6PM\LED Blinking
#        using GPTM (Interrupt)\Debug\Exe\LED Blinking using GPTM Interrupt.out
#    Map file     =
#        E:\Github\Projects\Embedded_systems\Tiva_TM4C123GH6PM\LED Blinking
#        using GPTM (Interrupt)\Debug\List\LED Blinking using GPTM
#        Interrupt.map
#    Command line =
#        -f "E:\Github\Projects\Embedded_systems\Tiva_TM4C123GH6PM\LED Blinking
#        using GPTM (Interrupt)\Debug\Exe\LED Blinking using GPTM
#        Interrupt.out.rsp"
#        ("E:\Github\Projects\Embedded_systems\Tiva_TM4C123GH6PM\LED Blinking
#        using GPTM (Interrupt)\Debug\Obj\main.o"
#        "E:\Github\Projects\Embedded_systems\Tiva_TM4C123GH6PM\LED Blinking
#        using GPTM (Interrupt)\Debug\Obj\startup_TM4C123.o"
#        "E:\Github\Projects\Embedded_systems\Tiva_TM4C123GH6PM\LED Blinking
#        using GPTM (Interrupt)\Debug\Obj\system_TM4C123.o" --no_out_extension
#        -o "E:\Github\Projects\Embedded_systems\Tiva_TM4C123GH6PM\LED Blinking
#        using GPTM (Interrupt)\Debug\Exe\LED Blinking using GPTM
#        Interrupt.out" --redirect _Printf=_PrintfFullNoMb --redirect
#        _Scanf=_ScanfFullNoMb --map
#        "E:\Github\Projects\Embedded_systems\Tiva_TM4C123GH6PM\LED Blinking
#        using GPTM (Interrupt)\Debug\List\LED Blinking using GPTM
#        Interrupt.map" --config
#        E:\IAR\arm\config\linker\TexasInstruments\TM4C123GH6.icf --semihosting
#        --entry __iar_program_start --vfe --text_out locale)
#
###############################################################################

*******************************************************************************
*** RUNTIME MODEL ATTRIBUTES
***

CppFlavor       = *
__CPP_Runtime   = 1
__SystemLibrary = DLib
__dlib_version  = 6


*******************************************************************************
*** HEAP SELECTION
***

The basic heap was selected because some modules are built with
size limitations (and not runtime checking), and --advanced_heap
was not specified.


*******************************************************************************
*** PLACEMENT SUMMARY
***

"A0":  place at address 0x0 { ro section .intvec };
"P1":  place in [from 0x0 to 0x3'ffff] { ro };
define block CSTACK with size = 4K, alignment = 8 { };
define block HEAP with size = 8K, alignment = 8 { };
"P2":  place in [from 0x2000'0000 to 0x2000'7fff] {
          rw, block CSTACK, block HEAP };

No sections matched the following patterns:

  rw  in "P2"


  Section   Kind         Address    Size  Object
  -------   ----         -------    ----  ------
"A0":                              0x26c
  .intvec   ro code          0x0   0x26c  startup_TM4C123.o [1]
                         - 0x26c   0x26c

"P1":                              0x3c4
  .text     ro code        0x26c    0xc4  main.o [1]
  .text     ro code        0x330    0x98  system_TM4C123.o [1]
  .text     ro code        0x3c8    0x22  fpinit_M.o [3]
  .text     ro code        0x3ec    0x1e  cmain.o [4]
  .text     ro code        0x40a     0x4  low_level_init.o [2]
  .text     ro code        0x40e     0x4  exit.o [2]
  .text     ro code        0x414     0xa  cexit.o [4]
  .text     ro code        0x420    0x14  exit.o [5]
  .text     ro code        0x434    0x1c  cstartup_M.o [4]
  .text     ro code        0x450    0x10  startup_TM4C123.o [1]
  .text     ro code        0x460     0x4  startup_TM4C123.o [1]
  .text     ro code        0x464     0x4  startup_TM4C123.o [1]
  .text     ro code        0x468     0x4  startup_TM4C123.o [1]
  .text     ro code        0x46c     0x4  startup_TM4C123.o [1]
  .text     ro code        0x470     0x4  startup_TM4C123.o [1]
  .text     ro code        0x474     0x4  startup_TM4C123.o [1]
  .text     ro code        0x478     0x4  startup_TM4C123.o [1]
  .text     ro code        0x47c     0x4  startup_TM4C123.o [1]
  .text     ro code        0x480     0x4  startup_TM4C123.o [1]
  .text     ro code        0x484     0x4  startup_TM4C123.o [1]
  .text     ro code        0x488     0x4  startup_TM4C123.o [1]
  .text     ro code        0x48c     0x4  startup_TM4C123.o [1]
  .text     ro code        0x490     0x4  startup_TM4C123.o [1]
  .text     ro code        0x494     0x4  startup_TM4C123.o [1]
  .text     ro code        0x498     0x4  startup_TM4C123.o [1]
  .text     ro code        0x49c     0x4  startup_TM4C123.o [1]
  .text     ro code        0x4a0     0x4  startup_TM4C123.o [1]
  .text     ro code        0x4a4     0x4  startup_TM4C123.o [1]
  .text     ro code        0x4a8     0x4  startup_TM4C123.o [1]
  .text     ro code        0x4ac     0x4  startup_TM4C123.o [1]
  .text     ro code        0x4b0     0x4  startup_TM4C123.o [1]
  .text     ro code        0x4b4     0x4  startup_TM4C123.o [1]
  .text     ro code        0x4b8     0x4  startup_TM4C123.o [1]
  .text     ro code        0x4bc     0x4  startup_TM4C123.o [1]
  .text     ro code        0x4c0     0x4  startup_TM4C123.o [1]
  .text     ro code        0x4c4     0x4  startup_TM4C123.o [1]
  .text     ro code        0x4c8     0x4  startup_TM4C123.o [1]
  .text     ro code        0x4cc     0x4  startup_TM4C123.o [1]
  .text     ro code        0x4d0     0x4  startup_TM4C123.o [1]
  .text     ro code        0x4d4     0x4  startup_TM4C123.o [1]
  .text     ro code        0x4d8     0x4  startup_TM4C123.o [1]
  .text     ro code        0x4dc     0x4  startup_TM4C123.o [1]
  .text     ro code        0x4e0     0x4  startup_TM4C123.o [1]
  .text     ro code        0x4e4     0x4  startup_TM4C123.o [1]
  .text     ro code        0x4e8     0x4  startup_TM4C123.o [1]
  .text     ro code        0x4ec     0x4  startup_TM4C123.o [1]
  .text     ro code        0x4f0     0x4  startup_TM4C123.o [1]
  .text     ro code        0x4f4     0x4  startup_TM4C123.o [1]
  .text     ro code        0x4f8     0x4  startup_TM4C123.o [1]
  .text     ro code        0x4fc     0x4  startup_TM4C123.o [1]
  .text     ro code        0x500     0x4  startup_TM4C123.o [1]
  .text     ro code        0x504     0x4  startup_TM4C123.o [1]
  .text     ro code        0x508     0x4  startup_TM4C123.o [1]
  .text     ro code        0x50c     0x4  startup_TM4C123.o [1]
  .text     ro code        0x510     0x4  startup_TM4C123.o [1]
  .text     ro code        0x514     0x4  startup_TM4C123.o [1]
  .text     ro code        0x518     0x4  startup_TM4C123.o [1]
  .text     ro code        0x51c     0x4  startup_TM4C123.o [1]
  .text     ro code        0x520     0x4  startup_TM4C123.o [1]
  .text     ro code        0x524     0x4  startup_TM4C123.o [1]
  .text     ro code        0x528     0x4  startup_TM4C123.o [1]
  .text     ro code        0x52c     0x4  startup_TM4C123.o [1]
  .text     ro code        0x530     0x4  startup_TM4C123.o [1]
  .text     ro code        0x534     0x4  startup_TM4C123.o [1]
  .text     ro code        0x538     0x4  startup_TM4C123.o [1]
  .text     ro code        0x53c     0x4  startup_TM4C123.o [1]
  .text     ro code        0x540     0x4  startup_TM4C123.o [1]
  .text     ro code        0x544     0x4  startup_TM4C123.o [1]
  .text     ro code        0x548     0x4  startup_TM4C123.o [1]
  .text     ro code        0x54c     0x4  startup_TM4C123.o [1]
  .text     ro code        0x550     0x4  startup_TM4C123.o [1]
  .text     ro code        0x554     0x4  startup_TM4C123.o [1]
  .text     ro code        0x558     0x4  startup_TM4C123.o [1]
  .text     ro code        0x55c     0x4  startup_TM4C123.o [1]
  .text     ro code        0x560     0x4  startup_TM4C123.o [1]
  .text     ro code        0x564     0x4  startup_TM4C123.o [1]
  .text     ro code        0x568     0x4  startup_TM4C123.o [1]
  .text     ro code        0x56c     0x4  startup_TM4C123.o [1]
  .text     ro code        0x570     0x4  startup_TM4C123.o [1]
  .text     ro code        0x574     0x4  startup_TM4C123.o [1]
  .text     ro code        0x578     0x4  startup_TM4C123.o [1]
  .text     ro code        0x57c     0x4  startup_TM4C123.o [1]
  .text     ro code        0x580     0x4  startup_TM4C123.o [1]
  .text     ro code        0x584     0x4  startup_TM4C123.o [1]
  .text     ro code        0x588     0x4  startup_TM4C123.o [1]
  .text     ro code        0x58c     0x4  startup_TM4C123.o [1]
  .text     ro code        0x590     0x4  startup_TM4C123.o [1]
  .text     ro code        0x594     0x4  startup_TM4C123.o [1]
  .text     ro code        0x598     0x4  startup_TM4C123.o [1]
  .text     ro code        0x59c     0x4  startup_TM4C123.o [1]
  .text     ro code        0x5a0     0x4  startup_TM4C123.o [1]
  .text     ro code        0x5a4     0x4  startup_TM4C123.o [1]
  .text     ro code        0x5a8     0x4  startup_TM4C123.o [1]
  .text     ro code        0x5ac     0x4  startup_TM4C123.o [1]
  .text     ro code        0x5b0     0x4  startup_TM4C123.o [1]
  .text     ro code        0x5b4     0x4  startup_TM4C123.o [1]
  .text     ro code        0x5b8     0x4  startup_TM4C123.o [1]
  .text     ro code        0x5bc     0x4  startup_TM4C123.o [1]
  .text     ro code        0x5c0     0x4  startup_TM4C123.o [1]
  .text     ro code        0x5c4     0x4  startup_TM4C123.o [1]
  .text     ro code        0x5c8     0x4  startup_TM4C123.o [1]
  .text     ro code        0x5cc     0x4  startup_TM4C123.o [1]
  .text     ro code        0x5d0     0x4  startup_TM4C123.o [1]
  .text     ro code        0x5d4     0x4  startup_TM4C123.o [1]
  .text     ro code        0x5d8     0x4  startup_TM4C123.o [1]
  .text     ro code        0x5dc     0x4  startup_TM4C123.o [1]
  .text     ro code        0x5e0     0x4  startup_TM4C123.o [1]
  .text     ro code        0x5e4     0x4  startup_TM4C123.o [1]
  .text     ro code        0x5e8     0x4  startup_TM4C123.o [1]
  .text     ro code        0x5ec     0x4  startup_TM4C123.o [1]
  .text     ro code        0x5f0     0x4  startup_TM4C123.o [1]
  .text     ro code        0x5f4     0x4  startup_TM4C123.o [1]
  .text     ro code        0x5f8     0x4  startup_TM4C123.o [1]
  .text     ro code        0x5fc     0x4  startup_TM4C123.o [1]
  .text     ro code        0x600     0x4  startup_TM4C123.o [1]
  .text     ro code        0x604     0x4  startup_TM4C123.o [1]
  .text     ro code        0x608     0x4  startup_TM4C123.o [1]
  .text     ro code        0x60c     0x4  startup_TM4C123.o [1]
  .text     ro code        0x610     0x4  startup_TM4C123.o [1]
  .text     ro code        0x614     0x4  startup_TM4C123.o [1]
  .text     ro code        0x618     0x4  startup_TM4C123.o [1]
  .text     ro code        0x61c     0x4  startup_TM4C123.o [1]
  .text     ro code        0x620     0x4  startup_TM4C123.o [1]
  .text     ro code        0x624     0x4  startup_TM4C123.o [1]
  .text     ro code        0x628     0x4  startup_TM4C123.o [1]
  .text     ro code        0x62c     0x4  startup_TM4C123.o [1]
                         - 0x630   0x3c4

"P2":                             0x1000
  CSTACK             0x2000'0000  0x1000  <Block>
    CSTACK  uninit   0x2000'0000  0x1000  <Block tail>
                   - 0x2000'1000  0x1000

Unused ranges:

         From           To      Size
         ----           --      ----
        0x630     0x3'ffff  0x3'f9d0
  0x2000'1000  0x2000'7fff    0x7000



*******************************************************************************
*** MODULE SUMMARY
***

    Module             ro code  rw data
    ------             -------  -------
command line/config:
    -----------------------------------
    Total:

E:\Github\Projects\Embedded_systems\Tiva_TM4C123GH6PM\LED Blinking using GPTM (Interrupt)\Debug\Obj: [1]
    main.o                 196
    startup_TM4C123.o    1'100
    system_TM4C123.o       152
    -----------------------------------
    Total:               1'448

dl7M_tln.a: [2]
    exit.o                   4
    low_level_init.o         4
    -----------------------------------
    Total:                   8

m7M_tls.a: [3]
    fpinit_M.o              34
    -----------------------------------
    Total:                  34

rt7M_tl.a: [4]
    cexit.o                 10
    cmain.o                 30
    cstartup_M.o            28
    -----------------------------------
    Total:                  68

shb_l.a: [5]
    exit.o                  20
    -----------------------------------
    Total:                  20

    Gaps                     6
    Linker created                4'096
---------------------------------------
    Grand Total:         1'584    4'096


*******************************************************************************
*** ENTRY LIST
***

Entry                     Address  Size  Type      Object
-----                     -------  ----  ----      ------
?main                       0x3ed        Code  Gb  cmain.o [4]
CSTACK$$Base          0x2000'0000         --   Gb  - Linker created -
CSTACK$$Limit         0x2000'1000         --   Gb  - Linker created -
Region$$Table$$Base           0x0         --   Gb  - Linker created -
Region$$Table$$Limit          0x0         --   Gb  - Linker created -
SystemInit                  0x331  0x64  Code  Gb  system_TM4C123.o [1]
TIMER0A_Handler             0x26d  0x1e  Code  Gb  main.o [1]
__Vectors                     0x0         --   Gb  startup_TM4C123.o [1]
__Vectors_End               0x26c        Data  Gb  startup_TM4C123.o [1]
__Vectors_Size {Abs}        0x26c         --   Gb  startup_TM4C123.o [1]
__cmain                     0x3ed        Code  Gb  cmain.o [4]
__exit                      0x421  0x14  Code  Gb  exit.o [5]
__iar_init_vfp              0x3c9        Code  Gb  fpinit_M.o [3]
__iar_program_start         0x435        Code  Gb  cstartup_M.o [4]
__low_level_init            0x40b   0x4  Code  Gb  low_level_init.o [2]
__vector_table                0x0        Data  Gb  startup_TM4C123.o [1]
__vector_table_0x1c          0x1c        Data  Gb  startup_TM4C123.o [1]
_call_main                  0x3f9        Code  Gb  cmain.o [4]
_exit                       0x415        Code  Gb  cexit.o [4]
exit                        0x40f   0x4  Code  Gb  exit.o [2]
main                        0x28b  0x6e  Code  Gb  main.o [1]


[1] = E:\Github\Projects\Embedded_systems\Tiva_TM4C123GH6PM\LED Blinking using GPTM (Interrupt)\Debug\Obj
[2] = dl7M_tln.a
[3] = m7M_tls.a
[4] = rt7M_tl.a
[5] = shb_l.a

  1'584 bytes of readonly  code memory
  4'096 bytes of readwrite data memory

Errors: none
Warnings: none
