###############################################################################
#
# IAR ELF Linker V9.20.2.320/W64 for ARM                  29/May/2022  17:14:01
# Copyright 2007-2021 IAR Systems AB.
#
#    Output file  =
#        E:\Github\Projects\Embedded_systems\Tiva_TM4C123GH6PM\ADC
#        Potentiometer Interrupt\Debug\Exe\ADC Potentiometer Interrupt.out
#    Map file     =
#        E:\Github\Projects\Embedded_systems\Tiva_TM4C123GH6PM\ADC
#        Potentiometer Interrupt\Debug\List\ADC Potentiometer Interrupt.map
#    Command line =
#        -f "E:\Github\Projects\Embedded_systems\Tiva_TM4C123GH6PM\ADC
#        Potentiometer Interrupt\Debug\Exe\ADC Potentiometer Interrupt.out.rsp"
#        ("E:\Github\Projects\Embedded_systems\Tiva_TM4C123GH6PM\ADC
#        Potentiometer Interrupt\Debug\Obj\main.o"
#        "E:\Github\Projects\Embedded_systems\Tiva_TM4C123GH6PM\ADC
#        Potentiometer Interrupt\Debug\Obj\startup_TM4C123.o"
#        "E:\Github\Projects\Embedded_systems\Tiva_TM4C123GH6PM\ADC
#        Potentiometer Interrupt\Debug\Obj\system_TM4C123.o" --no_out_extension
#        -o "E:\Github\Projects\Embedded_systems\Tiva_TM4C123GH6PM\ADC
#        Potentiometer Interrupt\Debug\Exe\ADC Potentiometer Interrupt.out"
#        --redirect _Printf=_PrintfFullNoMb --redirect _Scanf=_ScanfFullNoMb
#        --map "E:\Github\Projects\Embedded_systems\Tiva_TM4C123GH6PM\ADC
#        Potentiometer Interrupt\Debug\List\ADC Potentiometer Interrupt.map"
#        --config E:\IAR\arm\config\linker\TexasInstruments\TM4C123GH6.icf
#        --semihosting --entry __iar_program_start --vfe --text_out locale)
#
###############################################################################

*******************************************************************************
*** RUNTIME MODEL ATTRIBUTES
***

CppFlavor       = *
__CPP_Runtime   = 1
__SystemLibrary = DLib
__dlib_version  = 6


*******************************************************************************
*** HEAP SELECTION
***

The basic heap was selected because some modules are built with
size limitations (and not runtime checking), and --advanced_heap
was not specified.


*******************************************************************************
*** PLACEMENT SUMMARY
***

"A0":  place at address 0x0 { ro section .intvec };
"P1":  place in [from 0x0 to 0x3'ffff] { ro };
define block CSTACK with size = 4K, alignment = 8 { };
define block HEAP with size = 8K, alignment = 8 { };
"P2":  place in [from 0x2000'0000 to 0x2000'7fff] {
          rw, block CSTACK, block HEAP };

  Section          Kind         Address    Size  Object
  -------          ----         -------    ----  ------
"A0":                                     0x26c
  .intvec          ro code          0x0   0x26c  startup_TM4C123.o [1]
                                - 0x26c   0x26c

"P1":                                     0x470
  .text            ro code        0x26c   0x100  main.o [1]
  .text            ro code        0x36c    0x98  system_TM4C123.o [1]
  .text            ro code        0x404    0x38  zero_init3.o [4]
  .text            ro code        0x43c    0x28  data_init.o [4]
  .text            ro code        0x464    0x22  fpinit_M.o [3]
  .iar.init_table  const          0x488    0x10  - Linker created -
  .text            ro code        0x498    0x1e  cmain.o [4]
  .text            ro code        0x4b6     0x4  low_level_init.o [2]
  .text            ro code        0x4ba     0x4  exit.o [2]
  .text            ro code        0x4c0     0xa  cexit.o [4]
  .text            ro code        0x4cc    0x14  exit.o [5]
  .text            ro code        0x4e0    0x1c  cstartup_M.o [4]
  .text            ro code        0x4fc    0x10  startup_TM4C123.o [1]
  .text            ro code        0x50c     0x4  startup_TM4C123.o [1]
  .text            ro code        0x510     0x4  startup_TM4C123.o [1]
  .text            ro code        0x514     0x4  startup_TM4C123.o [1]
  .text            ro code        0x518     0x4  startup_TM4C123.o [1]
  .text            ro code        0x51c     0x4  startup_TM4C123.o [1]
  .text            ro code        0x520     0x4  startup_TM4C123.o [1]
  .text            ro code        0x524     0x4  startup_TM4C123.o [1]
  .text            ro code        0x528     0x4  startup_TM4C123.o [1]
  .text            ro code        0x52c     0x4  startup_TM4C123.o [1]
  .text            ro code        0x530     0x4  startup_TM4C123.o [1]
  .text            ro code        0x534     0x4  startup_TM4C123.o [1]
  .text            ro code        0x538     0x4  startup_TM4C123.o [1]
  .text            ro code        0x53c     0x4  startup_TM4C123.o [1]
  .text            ro code        0x540     0x4  startup_TM4C123.o [1]
  .text            ro code        0x544     0x4  startup_TM4C123.o [1]
  .text            ro code        0x548     0x4  startup_TM4C123.o [1]
  .text            ro code        0x54c     0x4  startup_TM4C123.o [1]
  .text            ro code        0x550     0x4  startup_TM4C123.o [1]
  .text            ro code        0x554     0x4  startup_TM4C123.o [1]
  .text            ro code        0x558     0x4  startup_TM4C123.o [1]
  .text            ro code        0x55c     0x4  startup_TM4C123.o [1]
  .text            ro code        0x560     0x4  startup_TM4C123.o [1]
  .text            ro code        0x564     0x4  startup_TM4C123.o [1]
  .text            ro code        0x568     0x4  startup_TM4C123.o [1]
  .text            ro code        0x56c     0x4  startup_TM4C123.o [1]
  .text            ro code        0x570     0x4  startup_TM4C123.o [1]
  .text            ro code        0x574     0x4  startup_TM4C123.o [1]
  .text            ro code        0x578     0x4  startup_TM4C123.o [1]
  .text            ro code        0x57c     0x4  startup_TM4C123.o [1]
  .text            ro code        0x580     0x4  startup_TM4C123.o [1]
  .text            ro code        0x584     0x4  startup_TM4C123.o [1]
  .text            ro code        0x588     0x4  startup_TM4C123.o [1]
  .text            ro code        0x58c     0x4  startup_TM4C123.o [1]
  .text            ro code        0x590     0x4  startup_TM4C123.o [1]
  .text            ro code        0x594     0x4  startup_TM4C123.o [1]
  .text            ro code        0x598     0x4  startup_TM4C123.o [1]
  .text            ro code        0x59c     0x4  startup_TM4C123.o [1]
  .text            ro code        0x5a0     0x4  startup_TM4C123.o [1]
  .text            ro code        0x5a4     0x4  startup_TM4C123.o [1]
  .text            ro code        0x5a8     0x4  startup_TM4C123.o [1]
  .text            ro code        0x5ac     0x4  startup_TM4C123.o [1]
  .text            ro code        0x5b0     0x4  startup_TM4C123.o [1]
  .text            ro code        0x5b4     0x4  startup_TM4C123.o [1]
  .text            ro code        0x5b8     0x4  startup_TM4C123.o [1]
  .text            ro code        0x5bc     0x4  startup_TM4C123.o [1]
  .text            ro code        0x5c0     0x4  startup_TM4C123.o [1]
  .text            ro code        0x5c4     0x4  startup_TM4C123.o [1]
  .text            ro code        0x5c8     0x4  startup_TM4C123.o [1]
  .text            ro code        0x5cc     0x4  startup_TM4C123.o [1]
  .text            ro code        0x5d0     0x4  startup_TM4C123.o [1]
  .text            ro code        0x5d4     0x4  startup_TM4C123.o [1]
  .text            ro code        0x5d8     0x4  startup_TM4C123.o [1]
  .text            ro code        0x5dc     0x4  startup_TM4C123.o [1]
  .text            ro code        0x5e0     0x4  startup_TM4C123.o [1]
  .text            ro code        0x5e4     0x4  startup_TM4C123.o [1]
  .text            ro code        0x5e8     0x4  startup_TM4C123.o [1]
  .text            ro code        0x5ec     0x4  startup_TM4C123.o [1]
  .text            ro code        0x5f0     0x4  startup_TM4C123.o [1]
  .text            ro code        0x5f4     0x4  startup_TM4C123.o [1]
  .text            ro code        0x5f8     0x4  startup_TM4C123.o [1]
  .text            ro code        0x5fc     0x4  startup_TM4C123.o [1]
  .text            ro code        0x600     0x4  startup_TM4C123.o [1]
  .text            ro code        0x604     0x4  startup_TM4C123.o [1]
  .text            ro code        0x608     0x4  startup_TM4C123.o [1]
  .text            ro code        0x60c     0x4  startup_TM4C123.o [1]
  .text            ro code        0x610     0x4  startup_TM4C123.o [1]
  .text            ro code        0x614     0x4  startup_TM4C123.o [1]
  .text            ro code        0x618     0x4  startup_TM4C123.o [1]
  .text            ro code        0x61c     0x4  startup_TM4C123.o [1]
  .text            ro code        0x620     0x4  startup_TM4C123.o [1]
  .text            ro code        0x624     0x4  startup_TM4C123.o [1]
  .text            ro code        0x628     0x4  startup_TM4C123.o [1]
  .text            ro code        0x62c     0x4  startup_TM4C123.o [1]
  .text            ro code        0x630     0x4  startup_TM4C123.o [1]
  .text            ro code        0x634     0x4  startup_TM4C123.o [1]
  .text            ro code        0x638     0x4  startup_TM4C123.o [1]
  .text            ro code        0x63c     0x4  startup_TM4C123.o [1]
  .text            ro code        0x640     0x4  startup_TM4C123.o [1]
  .text            ro code        0x644     0x4  startup_TM4C123.o [1]
  .text            ro code        0x648     0x4  startup_TM4C123.o [1]
  .text            ro code        0x64c     0x4  startup_TM4C123.o [1]
  .text            ro code        0x650     0x4  startup_TM4C123.o [1]
  .text            ro code        0x654     0x4  startup_TM4C123.o [1]
  .text            ro code        0x658     0x4  startup_TM4C123.o [1]
  .text            ro code        0x65c     0x4  startup_TM4C123.o [1]
  .text            ro code        0x660     0x4  startup_TM4C123.o [1]
  .text            ro code        0x664     0x4  startup_TM4C123.o [1]
  .text            ro code        0x668     0x4  startup_TM4C123.o [1]
  .text            ro code        0x66c     0x4  startup_TM4C123.o [1]
  .text            ro code        0x670     0x4  startup_TM4C123.o [1]
  .text            ro code        0x674     0x4  startup_TM4C123.o [1]
  .text            ro code        0x678     0x4  startup_TM4C123.o [1]
  .text            ro code        0x67c     0x4  startup_TM4C123.o [1]
  .text            ro code        0x680     0x4  startup_TM4C123.o [1]
  .text            ro code        0x684     0x4  startup_TM4C123.o [1]
  .text            ro code        0x688     0x4  startup_TM4C123.o [1]
  .text            ro code        0x68c     0x4  startup_TM4C123.o [1]
  .text            ro code        0x690     0x4  startup_TM4C123.o [1]
  .text            ro code        0x694     0x4  startup_TM4C123.o [1]
  .text            ro code        0x698     0x4  startup_TM4C123.o [1]
  .text            ro code        0x69c     0x4  startup_TM4C123.o [1]
  .text            ro code        0x6a0     0x4  startup_TM4C123.o [1]
  .text            ro code        0x6a4     0x4  startup_TM4C123.o [1]
  .text            ro code        0x6a8     0x4  startup_TM4C123.o [1]
  .text            ro code        0x6ac     0x4  startup_TM4C123.o [1]
  .text            ro code        0x6b0     0x4  startup_TM4C123.o [1]
  .text            ro code        0x6b4     0x4  startup_TM4C123.o [1]
  .text            ro code        0x6b8     0x4  startup_TM4C123.o [1]
  .text            ro code        0x6bc     0x4  startup_TM4C123.o [1]
  .text            ro code        0x6c0     0x4  startup_TM4C123.o [1]
  .text            ro code        0x6c4     0x4  startup_TM4C123.o [1]
  .text            ro code        0x6c8     0x4  startup_TM4C123.o [1]
  .text            ro code        0x6cc     0x4  startup_TM4C123.o [1]
  .text            ro code        0x6d0     0x4  startup_TM4C123.o [1]
  .text            ro code        0x6d4     0x4  startup_TM4C123.o [1]
  .text            ro code        0x6d8     0x4  startup_TM4C123.o [1]
  .rodata          const          0x6dc     0x0  zero_init3.o [4]
                                - 0x6dc   0x470

"P2", part 1 of 2:                          0x4
  .bss             zero     0x2000'0000     0x4  main.o [1]
                          - 0x2000'0004     0x4

"P2", part 2 of 2:                       0x1000
  CSTACK                    0x2000'0008  0x1000  <Block>
    CSTACK         uninit   0x2000'0008  0x1000  <Block tail>
                          - 0x2000'1008  0x1000

Unused ranges:

         From           To      Size
         ----           --      ----
        0x6dc     0x3'ffff  0x3'f924
  0x2000'0004  0x2000'0007       0x4
  0x2000'1008  0x2000'7fff    0x6ff8


*******************************************************************************
*** INIT TABLE
***

          Address      Size
          -------      ----
Zero (__iar_zero_init3)
    1 destination range, total size 0x4:
          0x2000'0000   0x4



*******************************************************************************
*** MODULE SUMMARY
***

    Module             ro code  ro data  rw data
    ------             -------  -------  -------
command line/config:
    --------------------------------------------
    Total:

E:\Github\Projects\Embedded_systems\Tiva_TM4C123GH6PM\ADC Potentiometer Interrupt\Debug\Obj: [1]
    main.o                 256                 4
    startup_TM4C123.o    1'100
    system_TM4C123.o       152
    --------------------------------------------
    Total:               1'508                 4

dl7M_tln.a: [2]
    exit.o                   4
    low_level_init.o         4
    --------------------------------------------
    Total:                   8

m7M_tls.a: [3]
    fpinit_M.o              34
    --------------------------------------------
    Total:                  34

rt7M_tl.a: [4]
    cexit.o                 10
    cmain.o                 30
    cstartup_M.o            28
    data_init.o             40
    zero_init3.o            56
    --------------------------------------------
    Total:                 164

shb_l.a: [5]
    exit.o                  20
    --------------------------------------------
    Total:                  20

    Gaps                     4        2
    Linker created                   16    4'096
------------------------------------------------
    Grand Total:         1'738       18    4'100


*******************************************************************************
*** ENTRY LIST
***

Entry                       Address  Size  Type      Object
-----                       -------  ----  ----      ------
.iar.init_table$$Base         0x488         --   Gb  - Linker created -
.iar.init_table$$Limit        0x498         --   Gb  - Linker created -
?main                         0x499        Code  Gb  cmain.o [4]
ADC0SS3_Handler               0x26d  0x3a  Code  Gb  main.o [1]
CSTACK$$Base            0x2000'0008         --   Gb  - Linker created -
CSTACK$$Limit           0x2000'1008         --   Gb  - Linker created -
Region$$Table$$Base           0x488         --   Gb  - Linker created -
Region$$Table$$Limit          0x498         --   Gb  - Linker created -
SystemInit                    0x36d  0x64  Code  Gb  system_TM4C123.o [1]
__Vectors                       0x0         --   Gb  startup_TM4C123.o [1]
__Vectors_End                 0x26c        Data  Gb  startup_TM4C123.o [1]
__Vectors_Size {Abs}          0x26c         --   Gb  startup_TM4C123.o [1]
__cmain                       0x499        Code  Gb  cmain.o [4]
__exit                        0x4cd  0x14  Code  Gb  exit.o [5]
__iar_data_init3              0x43d  0x28  Code  Gb  data_init.o [4]
__iar_init_vfp                0x465        Code  Gb  fpinit_M.o [3]
__iar_program_start           0x4e1        Code  Gb  cstartup_M.o [4]
__iar_zero_init3              0x405  0x38  Code  Gb  zero_init3.o [4]
__low_level_init              0x4b7   0x4  Code  Gb  low_level_init.o [2]
__vector_table                  0x0        Data  Gb  startup_TM4C123.o [1]
__vector_table_0x1c            0x1c        Data  Gb  startup_TM4C123.o [1]
_call_main                    0x4a5        Code  Gb  cmain.o [4]
_exit                         0x4c1        Code  Gb  cexit.o [4]
adc_value               0x2000'0000   0x4  Data  Gb  main.o [1]
exit                          0x4bb   0x4  Code  Gb  exit.o [2]
main                          0x2a7  0x84  Code  Gb  main.o [1]


[1] = E:\Github\Projects\Embedded_systems\Tiva_TM4C123GH6PM\ADC Potentiometer Interrupt\Debug\Obj
[2] = dl7M_tln.a
[3] = m7M_tls.a
[4] = rt7M_tl.a
[5] = shb_l.a

  1'738 bytes of readonly  code memory
     18 bytes of readonly  data memory
  4'100 bytes of readwrite data memory

Errors: none
Warnings: none
