###############################################################################
#
# IAR ELF Linker V9.20.2.320/W64 for ARM                  16/Jun/2022  15:32:09
# Copyright 2007-2021 IAR Systems AB.
#
#    Output file  =
#        E:\Embedded C Programming\TM4C123GH6PM\Changing Interrupt
#        Priority\Debug\Exe\test.out
#    Map file     =
#        E:\Embedded C Programming\TM4C123GH6PM\Changing Interrupt
#        Priority\Debug\List\test.map
#    Command line =
#        -f "E:\Embedded C Programming\TM4C123GH6PM\Changing Interrupt
#        Priority\Debug\Exe\test.out.rsp" ("E:\Embedded C
#        Programming\TM4C123GH6PM\Changing Interrupt Priority\Debug\Obj\main.o"
#        "E:\Embedded C Programming\TM4C123GH6PM\Changing Interrupt
#        Priority\Debug\Obj\startup_TM4C123.o" "E:\Embedded C
#        Programming\TM4C123GH6PM\Changing Interrupt
#        Priority\Debug\Obj\system_TM4C123.o" --no_out_extension -o
#        "E:\Embedded C Programming\TM4C123GH6PM\Changing Interrupt
#        Priority\Debug\Exe\test.out" --redirect _Printf=_PrintfFullNoMb
#        --redirect _Scanf=_ScanfFullNoMb --map "E:\Embedded C
#        Programming\TM4C123GH6PM\Changing Interrupt
#        Priority\Debug\List\test.map" --config
#        E:\IAR\arm\config\linker\TexasInstruments\TM4C123GH6.icf --semihosting
#        --entry __iar_program_start --vfe --text_out locale)
#
###############################################################################

*******************************************************************************
*** RUNTIME MODEL ATTRIBUTES
***

CppFlavor       = *
__CPP_Runtime   = 1
__SystemLibrary = DLib
__dlib_version  = 6


*******************************************************************************
*** HEAP SELECTION
***

The basic heap was selected because some modules are built with
size limitations (and not runtime checking), and --advanced_heap
was not specified.


*******************************************************************************
*** PLACEMENT SUMMARY
***

"A0":  place at address 0x0 { ro section .intvec };
"P1":  place in [from 0x0 to 0x3'ffff] { ro };
define block CSTACK with size = 4K, alignment = 8 { };
define block HEAP with size = 8K, alignment = 8 { };
"P2":  place in [from 0x2000'0000 to 0x2000'7fff] {
          rw, block CSTACK, block HEAP };
initialize by copy { rw };

  Section            Kind         Address    Size  Object
  -------            ----         -------    ----  ------
"A0":                                       0x26c
  .intvec            ro code          0x0   0x26c  startup_TM4C123.o [1]
                                  - 0x26c   0x26c

"P1":                                      0x2170
  .text              ro code        0x26c   0xf12  xprintffull_nomb.o [2]
  .text              ro code       0x117e    0x2a  copy_init3.o [4]
  .text              ro code       0x11a8    0x16  strchr.o [4]
  .text              ro code       0x11c0    0x40  xfail_s.o [2]
  .text              ro code       0x1200    0x36  strlen.o [4]
  .text              ro code       0x1238    0x58  memchr.o [4]
  .text              ro code       0x1290    0xa6  ABImemcpy.o [4]
  .text              ro code       0x1338    0x70  frexp.o [3]
  .text              ro code       0x13a8    0x34  DblCmpLe.o [3]
  .text              ro code       0x13dc    0x34  DblCmpGe.o [3]
  .text              ro code       0x1410   0x13a  ldexp.o [3]
  .text              ro code       0x154c    0x36  DblToS32.o [3]
  .text              ro code       0x1584    0x22  S32ToDbl.o [3]
  .text              ro code       0x15a8   0x24e  DblAddSub.o [3]
  .text              ro code       0x17f8   0x246  DblDiv.o [3]
  .text              ro code       0x1a40    0x22  DblToU32.o [3]
  .text              ro code       0x1a64    0x1c  U32ToDbl.o [3]
  .text              ro code       0x1a80   0x1aa  DblMul.o [3]
  .text              ro code       0x1c2c   0x230  I64DivMod.o [4]
  .text              ro code       0x1e5c     0x6  abort.o [2]
  .text              ro code       0x1e64     0x2  I64DivZer.o [4]
  .text              ro code       0x1e68    0x14  exit.o [5]
  .text              ro code       0x1e7c    0x7c  iarttio.o [5]
  .text              ro code       0x1ef8     0x8  XShttio.o [2]
  .text              ro code       0x1f00    0x98  system_TM4C123.o [1]
  .text              ro code       0x1f98    0x90  main.o [1]
  .text              ro code       0x2028    0x28  printf.o [2]
  .text              ro code       0x2050    0x28  data_init.o [4]
  .text              ro code       0x2078    0x22  fpinit_M.o [3]
  .text              ro code       0x209a    0x22  iarwrite.o [5]
  .iar.init_table    const         0x20bc    0x14  - Linker created -
  .text              ro code       0x20d0    0x20  putchar.o [2]
  .text              ro code       0x20f0    0x10  write.o [5]
  .text              ro code       0x2100    0x1e  dwrite.o [5]
  .text              ro code       0x211e    0x20  iarwstd.o [5]
  .text              ro code       0x2140    0x1e  cmain.o [4]
  .text              ro code       0x215e     0x4  low_level_init.o [2]
  .text              ro code       0x2162     0x4  exit.o [2]
  .text              ro code       0x2168     0xa  cexit.o [4]
  .rodata            const         0x2174    0x1c  main.o [1]
  .text              ro code       0x2190    0x1c  cstartup_M.o [4]
  .rodata            const         0x21ac    0x18  main.o [1]
  .rodata            const         0x21c4    0x18  main.o [1]
  .text              ro code       0x21dc    0x16  xprout.o [2]
  .text              ro code       0x21f4    0x10  startup_TM4C123.o [1]
  Initializer bytes  const         0x2204     0xc  <for P2-1>
  .text              ro code       0x2210     0x4  startup_TM4C123.o [1]
  .text              ro code       0x2214     0x4  startup_TM4C123.o [1]
  .text              ro code       0x2218     0x4  startup_TM4C123.o [1]
  .text              ro code       0x221c     0x4  startup_TM4C123.o [1]
  .text              ro code       0x2220     0x4  startup_TM4C123.o [1]
  .text              ro code       0x2224     0x4  startup_TM4C123.o [1]
  .text              ro code       0x2228     0x4  startup_TM4C123.o [1]
  .text              ro code       0x222c     0x4  startup_TM4C123.o [1]
  .text              ro code       0x2230     0x4  startup_TM4C123.o [1]
  .text              ro code       0x2234     0x4  startup_TM4C123.o [1]
  .text              ro code       0x2238     0x4  startup_TM4C123.o [1]
  .text              ro code       0x223c     0x4  startup_TM4C123.o [1]
  .text              ro code       0x2240     0x4  startup_TM4C123.o [1]
  .text              ro code       0x2244     0x4  startup_TM4C123.o [1]
  .text              ro code       0x2248     0x4  startup_TM4C123.o [1]
  .text              ro code       0x224c     0x4  startup_TM4C123.o [1]
  .text              ro code       0x2250     0x4  startup_TM4C123.o [1]
  .text              ro code       0x2254     0x4  startup_TM4C123.o [1]
  .text              ro code       0x2258     0x4  startup_TM4C123.o [1]
  .text              ro code       0x225c     0x4  startup_TM4C123.o [1]
  .text              ro code       0x2260     0x4  startup_TM4C123.o [1]
  .text              ro code       0x2264     0x4  startup_TM4C123.o [1]
  .text              ro code       0x2268     0x4  startup_TM4C123.o [1]
  .text              ro code       0x226c     0x4  startup_TM4C123.o [1]
  .text              ro code       0x2270     0x4  startup_TM4C123.o [1]
  .text              ro code       0x2274     0x4  startup_TM4C123.o [1]
  .text              ro code       0x2278     0x4  startup_TM4C123.o [1]
  .text              ro code       0x227c     0x4  startup_TM4C123.o [1]
  .text              ro code       0x2280     0x4  startup_TM4C123.o [1]
  .text              ro code       0x2284     0x4  startup_TM4C123.o [1]
  .text              ro code       0x2288     0x4  startup_TM4C123.o [1]
  .text              ro code       0x228c     0x4  startup_TM4C123.o [1]
  .text              ro code       0x2290     0x4  startup_TM4C123.o [1]
  .text              ro code       0x2294     0x4  startup_TM4C123.o [1]
  .text              ro code       0x2298     0x4  startup_TM4C123.o [1]
  .text              ro code       0x229c     0x4  startup_TM4C123.o [1]
  .text              ro code       0x22a0     0x4  startup_TM4C123.o [1]
  .text              ro code       0x22a4     0x4  startup_TM4C123.o [1]
  .text              ro code       0x22a8     0x4  startup_TM4C123.o [1]
  .text              ro code       0x22ac     0x4  startup_TM4C123.o [1]
  .text              ro code       0x22b0     0x4  startup_TM4C123.o [1]
  .text              ro code       0x22b4     0x4  startup_TM4C123.o [1]
  .text              ro code       0x22b8     0x4  startup_TM4C123.o [1]
  .text              ro code       0x22bc     0x4  startup_TM4C123.o [1]
  .text              ro code       0x22c0     0x4  startup_TM4C123.o [1]
  .text              ro code       0x22c4     0x4  startup_TM4C123.o [1]
  .text              ro code       0x22c8     0x4  startup_TM4C123.o [1]
  .text              ro code       0x22cc     0x4  startup_TM4C123.o [1]
  .text              ro code       0x22d0     0x4  startup_TM4C123.o [1]
  .text              ro code       0x22d4     0x4  startup_TM4C123.o [1]
  .text              ro code       0x22d8     0x4  startup_TM4C123.o [1]
  .text              ro code       0x22dc     0x4  startup_TM4C123.o [1]
  .text              ro code       0x22e0     0x4  startup_TM4C123.o [1]
  .text              ro code       0x22e4     0x4  startup_TM4C123.o [1]
  .text              ro code       0x22e8     0x4  startup_TM4C123.o [1]
  .text              ro code       0x22ec     0x4  startup_TM4C123.o [1]
  .text              ro code       0x22f0     0x4  startup_TM4C123.o [1]
  .text              ro code       0x22f4     0x4  startup_TM4C123.o [1]
  .text              ro code       0x22f8     0x4  startup_TM4C123.o [1]
  .text              ro code       0x22fc     0x4  startup_TM4C123.o [1]
  .text              ro code       0x2300     0x4  startup_TM4C123.o [1]
  .text              ro code       0x2304     0x4  startup_TM4C123.o [1]
  .text              ro code       0x2308     0x4  startup_TM4C123.o [1]
  .text              ro code       0x230c     0x4  startup_TM4C123.o [1]
  .text              ro code       0x2310     0x4  startup_TM4C123.o [1]
  .text              ro code       0x2314     0x4  startup_TM4C123.o [1]
  .text              ro code       0x2318     0x4  startup_TM4C123.o [1]
  .text              ro code       0x231c     0x4  startup_TM4C123.o [1]
  .text              ro code       0x2320     0x4  startup_TM4C123.o [1]
  .text              ro code       0x2324     0x4  startup_TM4C123.o [1]
  .text              ro code       0x2328     0x4  startup_TM4C123.o [1]
  .text              ro code       0x232c     0x4  startup_TM4C123.o [1]
  .text              ro code       0x2330     0x4  startup_TM4C123.o [1]
  .text              ro code       0x2334     0x4  startup_TM4C123.o [1]
  .text              ro code       0x2338     0x4  startup_TM4C123.o [1]
  .text              ro code       0x233c     0x4  startup_TM4C123.o [1]
  .text              ro code       0x2340     0x4  startup_TM4C123.o [1]
  .text              ro code       0x2344     0x4  startup_TM4C123.o [1]
  .text              ro code       0x2348     0x4  startup_TM4C123.o [1]
  .text              ro code       0x234c     0x4  startup_TM4C123.o [1]
  .text              ro code       0x2350     0x4  startup_TM4C123.o [1]
  .text              ro code       0x2354     0x4  startup_TM4C123.o [1]
  .text              ro code       0x2358     0x4  startup_TM4C123.o [1]
  .text              ro code       0x235c     0x4  startup_TM4C123.o [1]
  .text              ro code       0x2360     0x4  startup_TM4C123.o [1]
  .text              ro code       0x2364     0x4  startup_TM4C123.o [1]
  .text              ro code       0x2368     0x4  startup_TM4C123.o [1]
  .text              ro code       0x236c     0x4  startup_TM4C123.o [1]
  .text              ro code       0x2370     0x4  startup_TM4C123.o [1]
  .text              ro code       0x2374     0x4  startup_TM4C123.o [1]
  .text              ro code       0x2378     0x4  startup_TM4C123.o [1]
  .text              ro code       0x237c     0x4  startup_TM4C123.o [1]
  .text              ro code       0x2380     0x4  startup_TM4C123.o [1]
  .text              ro code       0x2384     0x4  startup_TM4C123.o [1]
  .text              ro code       0x2388     0x4  startup_TM4C123.o [1]
  .text              ro code       0x238c     0x4  startup_TM4C123.o [1]
  .text              ro code       0x2390     0x4  startup_TM4C123.o [1]
  .text              ro code       0x2394     0x4  startup_TM4C123.o [1]
  .text              ro code       0x2398     0x4  startup_TM4C123.o [1]
  .text              ro code       0x239c     0x4  startup_TM4C123.o [1]
  .text              ro code       0x23a0     0x4  startup_TM4C123.o [1]
  .text              ro code       0x23a4     0x4  startup_TM4C123.o [1]
  .text              ro code       0x23a8     0x4  startup_TM4C123.o [1]
  .text              ro code       0x23ac     0x4  startup_TM4C123.o [1]
  .text              ro code       0x23b0     0x4  startup_TM4C123.o [1]
  .text              ro code       0x23b4     0x4  startup_TM4C123.o [1]
  .text              ro code       0x23b8     0x4  startup_TM4C123.o [1]
  .text              ro code       0x23bc     0x4  startup_TM4C123.o [1]
  .text              ro code       0x23c0     0x4  startup_TM4C123.o [1]
  .text              ro code       0x23c4     0x4  startup_TM4C123.o [1]
  .text              ro code       0x23c8     0x4  startup_TM4C123.o [1]
  .text              ro code       0x23cc     0x4  startup_TM4C123.o [1]
  .text              ro code       0x23d0     0x4  startup_TM4C123.o [1]
  .text              ro code       0x23d4     0x4  startup_TM4C123.o [1]
  .text              ro code       0x23d8     0x4  startup_TM4C123.o [1]
  .rodata            const         0x23dc     0x0  copy_init3.o [4]
                                 - 0x23dc  0x2170

"P2", part 1 of 2:                            0xc
  P2-1                        0x2000'0000     0xc  <Init block>
    .data            inited   0x2000'0000     0x8  XShttio.o [2]
    .bss             inited   0x2000'0008     0x4  xfail_s.o [2]
                            - 0x2000'000c     0xc

"P2", part 2 of 2:                         0x1000
  CSTACK                      0x2000'0010  0x1000  <Block>
    CSTACK           uninit   0x2000'0010  0x1000  <Block tail>
                            - 0x2000'1010  0x1000

Unused ranges:

         From           To      Size
         ----           --      ----
       0x23dc     0x3'ffff  0x3'dc24
  0x2000'000c  0x2000'000f       0x4
  0x2000'1010  0x2000'7fff    0x6ff0


*******************************************************************************
*** INIT TABLE
***

          Address      Size
          -------      ----
Copy (__iar_copy_init3)
    1 source range, total size 0xc:
               0x2204   0xc
    1 destination range, total size 0xc:
          0x2000'0000   0xc



*******************************************************************************
*** MODULE SUMMARY
***

    Module              ro code  ro data  rw data
    ------              -------  -------  -------
command line/config:
    ---------------------------------------------
    Total:

E:\Embedded C Programming\TM4C123GH6PM\Changing Interrupt Priority\Debug\Obj: [1]
    main.o                  144       76
    startup_TM4C123.o     1'096
    system_TM4C123.o        152
    ---------------------------------------------
    Total:                1'392       76

dl7M_tln.a: [2]
    XShttio.o                 8        8        8
    abort.o                   6
    exit.o                    4
    low_level_init.o          4
    printf.o                 40
    putchar.o                32
    xfail_s.o                64        4        4
    xprintffull_nomb.o    3'858
    xprout.o                 22
    ---------------------------------------------
    Total:                4'038       12       12

m7M_tls.a: [3]
    DblAddSub.o             590
    DblCmpGe.o               52
    DblCmpLe.o               52
    DblDiv.o                582
    DblMul.o                426
    DblToS32.o               54
    DblToU32.o               34
    S32ToDbl.o               34
    U32ToDbl.o               28
    fpinit_M.o               34
    frexp.o                 112
    ldexp.o                 314
    ---------------------------------------------
    Total:                2'312

rt7M_tl.a: [4]
    ABImemcpy.o             166
    I64DivMod.o             560
    I64DivZer.o               2
    cexit.o                  10
    cmain.o                  30
    copy_init3.o             42
    cstartup_M.o             28
    data_init.o              40
    memchr.o                 88
    strchr.o                 22
    strlen.o                 54
    ---------------------------------------------
    Total:                1'042

shb_l.a: [5]
    dwrite.o                 30
    exit.o                   20
    iarttio.o               124
    iarwrite.o               34
    iarwstd.o                32
    write.o                  16
    ---------------------------------------------
    Total:                  256

    Gaps                     30        2
    Linker created                    20    4'096
-------------------------------------------------
    Grand Total:          9'070      110    4'108


*******************************************************************************
*** ENTRY LIST
***

Entry                       Address   Size  Type      Object
-----                       -------   ----  ----      ------
.iar.init_table$$Base        0x20bc          --   Gb  - Linker created -
.iar.init_table$$Limit       0x20d0          --   Gb  - Linker created -
?main                        0x2141         Code  Gb  cmain.o [4]
CSTACK$$Base            0x2000'0010          --   Gb  - Linker created -
CSTACK$$Limit           0x2000'1010          --   Gb  - Linker created -
GPIOA_Handler                0x2001    0xa  Code  Gb  main.o [1]
I2C0_Handler                 0x1fe7   0x1a  Code  Gb  main.o [1]
Region$$Table$$Base          0x20bc          --   Gb  - Linker created -
Region$$Table$$Limit         0x20d0          --   Gb  - Linker created -
SystemInit                   0x1f01   0x64  Code  Gb  system_TM4C123.o [1]
_LitobFullNoMb                0xf85  0x10c  Code  Lc  xprintffull_nomb.o [2]
_PrintfFullNoMb               0x26d  0xce8  Code  Gb  xprintffull_nomb.o [2]
_Prout                       0x21dd   0x16  Code  Gb  xprout.o [2]
_PutcharFullNoMb             0x10e9   0x20  Code  Lc  xprintffull_nomb.o [2]
_PutcharsFullNoMb            0x1109   0x2e  Code  Lc  xprintffull_nomb.o [2]
__Vectors                       0x0          --   Gb  startup_TM4C123.o [1]
__Vectors_End                 0x26c         Data  Gb  startup_TM4C123.o [1]
__Vectors_Size {Abs}          0x26c          --   Gb  startup_TM4C123.o [1]
__aeabi_cdcmple              0x13a9         Code  Gb  DblCmpLe.o [3]
__aeabi_cdrcmple             0x13dd         Code  Gb  DblCmpGe.o [3]
__aeabi_d2iz                 0x154d         Code  Gb  DblToS32.o [3]
__aeabi_d2uiz                0x1a41         Code  Gb  DblToU32.o [3]
__aeabi_ddiv                 0x17f9         Code  Gb  DblDiv.o [3]
__aeabi_dmul                 0x1a81         Code  Gb  DblMul.o [3]
__aeabi_dsub                 0x1715         Code  Gb  DblAddSub.o [3]
__aeabi_i2d                  0x1585         Code  Gb  S32ToDbl.o [3]
__aeabi_ldiv0                0x1e65         Code  Gb  I64DivZer.o [4]
__aeabi_memcpy               0x1291         Code  Gb  ABImemcpy.o [4]
__aeabi_memcpy4              0x12b1         Code  Gb  ABImemcpy.o [4]
__aeabi_memcpy8              0x12b1         Code  Gb  ABImemcpy.o [4]
__aeabi_ui2d                 0x1a65         Code  Gb  U32ToDbl.o [3]
__aeabi_uldivmod             0x1c2d         Code  Gb  I64DivMod.o [4]
__cmain                      0x2141         Code  Gb  cmain.o [4]
__dwrite                     0x2101   0x1e  Code  Gb  dwrite.o [5]
__exit                       0x1e69   0x14  Code  Gb  exit.o [5]
__iar_Fail_s                 0x11c1   0x1c  Code  Gb  xfail_s.o [2]
__iar_Memchr                 0x1239         Code  Gb  memchr.o [4]
__iar_Strchr                 0x11a9         Code  Gb  strchr.o [4]
__iar_close_ttio             0x1e7d   0x2c  Code  Gb  iarttio.o [5]
__iar_copy_init3             0x117f   0x2a  Code  Gb  copy_init3.o [4]
__iar_data_init3             0x2051   0x28  Code  Gb  data_init.o [4]
__iar_frexp                  0x1345         Code  Gb  frexp.o [3]
__iar_frexpl                 0x1345         Code  Gb  frexp.o [3]
__iar_get_ttio               0x1ea9   0x4c  Code  Gb  iarttio.o [5]
__iar_init_vfp               0x2079         Code  Gb  fpinit_M.o [3]
__iar_ldexp64                0x1411         Code  Gb  ldexp.o [3]
__iar_lookup_ttioh           0x1ef9    0x8  Code  Gb  XShttio.o [2]
__iar_program_start          0x2191         Code  Gb  cstartup_M.o [4]
__iar_scalbln64              0x1411         Code  Gb  ldexp.o [3]
__iar_scalbn64               0x1411         Code  Gb  ldexp.o [3]
__iar_sh_stdout              0x211f   0x20  Code  Gb  iarwstd.o [5]
__iar_sh_write               0x209b   0x22  Code  Gb  iarwrite.o [5]
__iar_softfp___iar_frexp64
                             0x1339         Code  Gb  frexp.o [3]
__iar_softfp_frexp           0x1339         Code  Gb  frexp.o [3]
__iar_softfp_frexpl          0x1339         Code  Gb  frexp.o [3]
__iar_ttio_handles      0x2000'0000    0x8  Data  Lc  XShttio.o [2]
__low_level_init             0x215f    0x4  Code  Gb  low_level_init.o [2]
__vector_table                  0x0         Data  Gb  startup_TM4C123.o [1]
__vector_table_0x1c            0x1c         Data  Gb  startup_TM4C123.o [1]
__write                      0x20f1   0x10  Code  Gb  write.o [5]
_call_main                   0x214d         Code  Gb  cmain.o [4]
_exit                        0x2169         Code  Gb  cexit.o [4]
abort                        0x1e5d    0x6  Code  Gb  abort.o [2]
exit                         0x2163    0x4  Code  Gb  exit.o [2]
ldexp                        0x1411         Code  Gb  ldexp.o [3]
ldexpl                       0x1411         Code  Gb  ldexp.o [3]
main                         0x1fad   0x3a  Code  Gb  main.o [1]
memchr                       0x1239         Code  Gb  memchr.o [4]
printf                       0x2029   0x28  Code  Gb  printf.o [2]
priority_configurer          0x1f99   0x14  Code  Gb  main.o [1]
putchar                      0x20d1   0x20  Code  Gb  putchar.o [2]
scalbln                      0x1411         Code  Gb  ldexp.o [3]
scalblnl                     0x1411         Code  Gb  ldexp.o [3]
scalbn                       0x1411         Code  Gb  ldexp.o [3]
scalbnl                      0x1411         Code  Gb  ldexp.o [3]
scale                        0x1091   0x46  Code  Lc  xprintffull_nomb.o [2]
sec_hand                0x2000'0008    0x4  Data  Lc  xfail_s.o [2]
strchr                       0x11a9         Code  Gb  strchr.o [4]
strlen                       0x1201         Code  Gb  strlen.o [4]


[1] = E:\Embedded C Programming\TM4C123GH6PM\Changing Interrupt Priority\Debug\Obj
[2] = dl7M_tln.a
[3] = m7M_tls.a
[4] = rt7M_tl.a
[5] = shb_l.a

  9'070 bytes of readonly  code memory
    110 bytes of readonly  data memory
  4'108 bytes of readwrite data memory

Errors: none
Warnings: none
