###############################################################################
#
# IAR ELF Linker V9.20.2.320/W64 for ARM                  30/Apr/2022  14:22:21
# Copyright 2007-2021 IAR Systems AB.
#
#    Output file  =
#        E:\Collage work\6 Sem\Embedded Systems and designs\Small
#        Projects\Debug\Exe\trial.out
#    Map file     =
#        E:\Collage work\6 Sem\Embedded Systems and designs\Small
#        Projects\Debug\List\trial.map
#    Command line =
#        -f "E:\Collage work\6 Sem\Embedded Systems and designs\Small
#        Projects\Debug\Exe\trial.out.rsp" ("E:\Collage work\6 Sem\Embedded
#        Systems and designs\Small Projects\Debug\Obj\main.o" "E:\Collage
#        work\6 Sem\Embedded Systems and designs\Small
#        Projects\Debug\Obj\startup_TM4C123.o" "E:\Collage work\6 Sem\Embedded
#        Systems and designs\Small Projects\Debug\Obj\system_TM4C123.o"
#        --no_out_extension -o "E:\Collage work\6 Sem\Embedded Systems and
#        designs\Small Projects\Debug\Exe\trial.out" --redirect
#        _Printf=_PrintfFullNoMb --redirect _Scanf=_ScanfFullNoMb --map
#        "E:\Collage work\6 Sem\Embedded Systems and designs\Small
#        Projects\Debug\List\trial.map" --config
#        E:\IAR\arm\config\linker\TexasInstruments\TM4C123GH6.icf --semihosting
#        --entry __iar_program_start
#        E:\IAR\arm\CMSIS\Lib\IAR\iar_cortexM4lf_math.a --vfe --text_out
#        locale)
#
###############################################################################

*******************************************************************************
*** RUNTIME MODEL ATTRIBUTES
***

CppFlavor       = *
__CPP_Runtime   = 1
__SystemLibrary = DLib
__dlib_version  = 6


*******************************************************************************
*** HEAP SELECTION
***

The basic heap was selected because some modules are built with
size limitations (and not runtime checking), and --advanced_heap
was not specified.


*******************************************************************************
*** PLACEMENT SUMMARY
***

"A0":  place at address 0x0 { ro section .intvec };
"P1":  place in [from 0x0 to 0x3'ffff] { ro };
define block CSTACK with size = 4K, alignment = 8 { };
define block HEAP with size = 8K, alignment = 8 { };
"P2":  place in [from 0x2000'0000 to 0x2000'7fff] {
          rw, block CSTACK, block HEAP };

  Section          Kind         Address    Size  Object
  -------          ----         -------    ----  ------
"A0":                                     0x26c
  .intvec          ro code          0x0   0x26c  startup_TM4C123.o [1]
                                - 0x26c   0x26c

"P1":                                     0x5b8
  .text            ro code        0x26c   0x248  main.o [1]
  .text            ro code        0x4b4    0x98  system_TM4C123.o [1]
  .text            ro code        0x54c    0x38  zero_init3.o [4]
  .text            ro code        0x584    0x28  data_init.o [4]
  .text            ro code        0x5ac    0x22  fpinit_M.o [3]
  .iar.init_table  const          0x5d0    0x10  - Linker created -
  .text            ro code        0x5e0    0x1e  cmain.o [4]
  .text            ro code        0x5fe     0x4  low_level_init.o [2]
  .text            ro code        0x602     0x4  exit.o [2]
  .text            ro code        0x608     0xa  cexit.o [4]
  .text            ro code        0x614    0x14  exit.o [5]
  .text            ro code        0x628    0x1c  cstartup_M.o [4]
  .text            ro code        0x644    0x10  startup_TM4C123.o [1]
  .text            ro code        0x654     0x4  startup_TM4C123.o [1]
  .text            ro code        0x658     0x4  startup_TM4C123.o [1]
  .text            ro code        0x65c     0x4  startup_TM4C123.o [1]
  .text            ro code        0x660     0x4  startup_TM4C123.o [1]
  .text            ro code        0x664     0x4  startup_TM4C123.o [1]
  .text            ro code        0x668     0x4  startup_TM4C123.o [1]
  .text            ro code        0x66c     0x4  startup_TM4C123.o [1]
  .text            ro code        0x670     0x4  startup_TM4C123.o [1]
  .text            ro code        0x674     0x4  startup_TM4C123.o [1]
  .text            ro code        0x678     0x4  startup_TM4C123.o [1]
  .text            ro code        0x67c     0x4  startup_TM4C123.o [1]
  .text            ro code        0x680     0x4  startup_TM4C123.o [1]
  .text            ro code        0x684     0x4  startup_TM4C123.o [1]
  .text            ro code        0x688     0x4  startup_TM4C123.o [1]
  .text            ro code        0x68c     0x4  startup_TM4C123.o [1]
  .text            ro code        0x690     0x4  startup_TM4C123.o [1]
  .text            ro code        0x694     0x4  startup_TM4C123.o [1]
  .text            ro code        0x698     0x4  startup_TM4C123.o [1]
  .text            ro code        0x69c     0x4  startup_TM4C123.o [1]
  .text            ro code        0x6a0     0x4  startup_TM4C123.o [1]
  .text            ro code        0x6a4     0x4  startup_TM4C123.o [1]
  .text            ro code        0x6a8     0x4  startup_TM4C123.o [1]
  .text            ro code        0x6ac     0x4  startup_TM4C123.o [1]
  .text            ro code        0x6b0     0x4  startup_TM4C123.o [1]
  .text            ro code        0x6b4     0x4  startup_TM4C123.o [1]
  .text            ro code        0x6b8     0x4  startup_TM4C123.o [1]
  .text            ro code        0x6bc     0x4  startup_TM4C123.o [1]
  .text            ro code        0x6c0     0x4  startup_TM4C123.o [1]
  .text            ro code        0x6c4     0x4  startup_TM4C123.o [1]
  .text            ro code        0x6c8     0x4  startup_TM4C123.o [1]
  .text            ro code        0x6cc     0x4  startup_TM4C123.o [1]
  .text            ro code        0x6d0     0x4  startup_TM4C123.o [1]
  .text            ro code        0x6d4     0x4  startup_TM4C123.o [1]
  .text            ro code        0x6d8     0x4  startup_TM4C123.o [1]
  .text            ro code        0x6dc     0x4  startup_TM4C123.o [1]
  .text            ro code        0x6e0     0x4  startup_TM4C123.o [1]
  .text            ro code        0x6e4     0x4  startup_TM4C123.o [1]
  .text            ro code        0x6e8     0x4  startup_TM4C123.o [1]
  .text            ro code        0x6ec     0x4  startup_TM4C123.o [1]
  .text            ro code        0x6f0     0x4  startup_TM4C123.o [1]
  .text            ro code        0x6f4     0x4  startup_TM4C123.o [1]
  .text            ro code        0x6f8     0x4  startup_TM4C123.o [1]
  .text            ro code        0x6fc     0x4  startup_TM4C123.o [1]
  .text            ro code        0x700     0x4  startup_TM4C123.o [1]
  .text            ro code        0x704     0x4  startup_TM4C123.o [1]
  .text            ro code        0x708     0x4  startup_TM4C123.o [1]
  .text            ro code        0x70c     0x4  startup_TM4C123.o [1]
  .text            ro code        0x710     0x4  startup_TM4C123.o [1]
  .text            ro code        0x714     0x4  startup_TM4C123.o [1]
  .text            ro code        0x718     0x4  startup_TM4C123.o [1]
  .text            ro code        0x71c     0x4  startup_TM4C123.o [1]
  .text            ro code        0x720     0x4  startup_TM4C123.o [1]
  .text            ro code        0x724     0x4  startup_TM4C123.o [1]
  .text            ro code        0x728     0x4  startup_TM4C123.o [1]
  .text            ro code        0x72c     0x4  startup_TM4C123.o [1]
  .text            ro code        0x730     0x4  startup_TM4C123.o [1]
  .text            ro code        0x734     0x4  startup_TM4C123.o [1]
  .text            ro code        0x738     0x4  startup_TM4C123.o [1]
  .text            ro code        0x73c     0x4  startup_TM4C123.o [1]
  .text            ro code        0x740     0x4  startup_TM4C123.o [1]
  .text            ro code        0x744     0x4  startup_TM4C123.o [1]
  .text            ro code        0x748     0x4  startup_TM4C123.o [1]
  .text            ro code        0x74c     0x4  startup_TM4C123.o [1]
  .text            ro code        0x750     0x4  startup_TM4C123.o [1]
  .text            ro code        0x754     0x4  startup_TM4C123.o [1]
  .text            ro code        0x758     0x4  startup_TM4C123.o [1]
  .text            ro code        0x75c     0x4  startup_TM4C123.o [1]
  .text            ro code        0x760     0x4  startup_TM4C123.o [1]
  .text            ro code        0x764     0x4  startup_TM4C123.o [1]
  .text            ro code        0x768     0x4  startup_TM4C123.o [1]
  .text            ro code        0x76c     0x4  startup_TM4C123.o [1]
  .text            ro code        0x770     0x4  startup_TM4C123.o [1]
  .text            ro code        0x774     0x4  startup_TM4C123.o [1]
  .text            ro code        0x778     0x4  startup_TM4C123.o [1]
  .text            ro code        0x77c     0x4  startup_TM4C123.o [1]
  .text            ro code        0x780     0x4  startup_TM4C123.o [1]
  .text            ro code        0x784     0x4  startup_TM4C123.o [1]
  .text            ro code        0x788     0x4  startup_TM4C123.o [1]
  .text            ro code        0x78c     0x4  startup_TM4C123.o [1]
  .text            ro code        0x790     0x4  startup_TM4C123.o [1]
  .text            ro code        0x794     0x4  startup_TM4C123.o [1]
  .text            ro code        0x798     0x4  startup_TM4C123.o [1]
  .text            ro code        0x79c     0x4  startup_TM4C123.o [1]
  .text            ro code        0x7a0     0x4  startup_TM4C123.o [1]
  .text            ro code        0x7a4     0x4  startup_TM4C123.o [1]
  .text            ro code        0x7a8     0x4  startup_TM4C123.o [1]
  .text            ro code        0x7ac     0x4  startup_TM4C123.o [1]
  .text            ro code        0x7b0     0x4  startup_TM4C123.o [1]
  .text            ro code        0x7b4     0x4  startup_TM4C123.o [1]
  .text            ro code        0x7b8     0x4  startup_TM4C123.o [1]
  .text            ro code        0x7bc     0x4  startup_TM4C123.o [1]
  .text            ro code        0x7c0     0x4  startup_TM4C123.o [1]
  .text            ro code        0x7c4     0x4  startup_TM4C123.o [1]
  .text            ro code        0x7c8     0x4  startup_TM4C123.o [1]
  .text            ro code        0x7cc     0x4  startup_TM4C123.o [1]
  .text            ro code        0x7d0     0x4  startup_TM4C123.o [1]
  .text            ro code        0x7d4     0x4  startup_TM4C123.o [1]
  .text            ro code        0x7d8     0x4  startup_TM4C123.o [1]
  .text            ro code        0x7dc     0x4  startup_TM4C123.o [1]
  .text            ro code        0x7e0     0x4  startup_TM4C123.o [1]
  .text            ro code        0x7e4     0x4  startup_TM4C123.o [1]
  .text            ro code        0x7e8     0x4  startup_TM4C123.o [1]
  .text            ro code        0x7ec     0x4  startup_TM4C123.o [1]
  .text            ro code        0x7f0     0x4  startup_TM4C123.o [1]
  .text            ro code        0x7f4     0x4  startup_TM4C123.o [1]
  .text            ro code        0x7f8     0x4  startup_TM4C123.o [1]
  .text            ro code        0x7fc     0x4  startup_TM4C123.o [1]
  .text            ro code        0x800     0x4  startup_TM4C123.o [1]
  .text            ro code        0x804     0x4  startup_TM4C123.o [1]
  .text            ro code        0x808     0x4  startup_TM4C123.o [1]
  .text            ro code        0x80c     0x4  startup_TM4C123.o [1]
  .text            ro code        0x810     0x4  startup_TM4C123.o [1]
  .text            ro code        0x814     0x4  startup_TM4C123.o [1]
  .text            ro code        0x818     0x4  startup_TM4C123.o [1]
  .text            ro code        0x81c     0x4  startup_TM4C123.o [1]
  .text            ro code        0x820     0x4  startup_TM4C123.o [1]
  .rodata          const          0x824     0x0  zero_init3.o [4]
                                - 0x824   0x5b8

"P2", part 1 of 2:                          0x4
  .bss             zero     0x2000'0000     0x4  main.o [1]
                          - 0x2000'0004     0x4

"P2", part 2 of 2:                       0x1000
  CSTACK                    0x2000'0008  0x1000  <Block>
    CSTACK         uninit   0x2000'0008  0x1000  <Block tail>
                          - 0x2000'1008  0x1000

Unused ranges:

         From           To      Size
         ----           --      ----
        0x824     0x3'ffff  0x3'f7dc
  0x2000'0004  0x2000'0007       0x4
  0x2000'1008  0x2000'7fff    0x6ff8


*******************************************************************************
*** INIT TABLE
***

          Address      Size
          -------      ----
Zero (__iar_zero_init3)
    1 destination range, total size 0x4:
          0x2000'0000   0x4



*******************************************************************************
*** MODULE SUMMARY
***

    Module             ro code  ro data  rw data
    ------             -------  -------  -------
command line/config:
    --------------------------------------------
    Total:

E:\Collage work\6 Sem\Embedded Systems and designs\Small Projects\Debug\Obj: [1]
    main.o                 584                 4
    startup_TM4C123.o    1'100
    system_TM4C123.o       152
    --------------------------------------------
    Total:               1'836                 4

dl7M_tln.a: [2]
    exit.o                   4
    low_level_init.o         4
    --------------------------------------------
    Total:                   8

m7M_tls.a: [3]
    fpinit_M.o              34
    --------------------------------------------
    Total:                  34

rt7M_tl.a: [4]
    cexit.o                 10
    cmain.o                 30
    cstartup_M.o            28
    data_init.o             40
    zero_init3.o            56
    --------------------------------------------
    Total:                 164

shb_l.a: [5]
    exit.o                  20
    --------------------------------------------
    Total:                  20

    Gaps                     4        2
    Linker created                   16    4'096
------------------------------------------------
    Grand Total:         2'066       18    4'100


*******************************************************************************
*** ENTRY LIST
***

Entry                       Address  Size  Type      Object
-----                       -------  ----  ----      ------
.iar.init_table$$Base         0x5d0         --   Gb  - Linker created -
.iar.init_table$$Limit        0x5e0         --   Gb  - Linker created -
?main                         0x5e1        Code  Gb  cmain.o [4]
BlinkLED                      0x2dd  0xb2  Code  Gb  main.o [1]
CSTACK$$Base            0x2000'0008         --   Gb  - Linker created -
CSTACK$$Limit           0x2000'1008         --   Gb  - Linker created -
Delay_ms                      0x26d  0x1a  Code  Gb  main.o [1]
GPIOF_Handler                 0x4ad   0x8  Code  Gb  main.o [1]
PWM_for_LED_BLUE              0x287  0x2c  Code  Gb  main.o [1]
PWM_for_LED_GREEN             0x2b3  0x2a  Code  Gb  main.o [1]
Region$$Table$$Base           0x5d0         --   Gb  - Linker created -
Region$$Table$$Limit          0x5e0         --   Gb  - Linker created -
SystemInit                    0x4b5  0x64  Code  Gb  system_TM4C123.o [1]
__Vectors                       0x0         --   Gb  startup_TM4C123.o [1]
__Vectors_End                 0x26c        Data  Gb  startup_TM4C123.o [1]
__Vectors_Size {Abs}          0x26c         --   Gb  startup_TM4C123.o [1]
__cmain                       0x5e1        Code  Gb  cmain.o [4]
__exit                        0x615  0x14  Code  Gb  exit.o [5]
__iar_data_init3              0x585  0x28  Code  Gb  data_init.o [4]
__iar_init_vfp                0x5ad        Code  Gb  fpinit_M.o [3]
__iar_program_start           0x629        Code  Gb  cstartup_M.o [4]
__iar_zero_init3              0x54d  0x38  Code  Gb  zero_init3.o [4]
__low_level_init              0x5ff   0x4  Code  Gb  low_level_init.o [2]
__vector_table                  0x0        Data  Gb  startup_TM4C123.o [1]
__vector_table_0x1c            0x1c        Data  Gb  startup_TM4C123.o [1]
_call_main                    0x5ed        Code  Gb  cmain.o [4]
_exit                         0x609        Code  Gb  cexit.o [4]
count                   0x2000'0000   0x4  Data  Gb  main.o [1]
exit                          0x603   0x4  Code  Gb  exit.o [2]
main                          0x38f  0xb2  Code  Gb  main.o [1]


[1] = E:\Collage work\6 Sem\Embedded Systems and designs\Small Projects\Debug\Obj
[2] = dl7M_tln.a
[3] = m7M_tls.a
[4] = rt7M_tl.a
[5] = shb_l.a

  2'066 bytes of readonly  code memory
     18 bytes of readonly  data memory
  4'100 bytes of readwrite data memory

Errors: none
Warnings: none
